     1 00000000                                 [FORMAT "WCOFF"]
     2 00000000                                 [INSTRSET "i486p"]
     3 00000000                                 [OPTIMIZE 1]
     4 00000000                                 [OPTION 1]
     5 00000000                                 [BITS 32]
     6 00000000                                 	EXTERN	_font_A
     7 00000000                                 	EXTERN	_io_hlt
     8 00000000                                 	EXTERN	_io_load_eflags
     9 00000000                                 	EXTERN	_io_cli
    10 00000000                                 	EXTERN	_io_out8
    11 00000000                                 	EXTERN	_io_store_eflags
    12 00000000                                 [FILE "bootpack.c"]
    13                                          [SECTION .data]
    14 00000000                                 _font_A:
    15 00000000 00                              	DB	0
    16 00000001 18                              	DB	24
    17 00000002 18                              	DB	24
    18 00000003 18                              	DB	24
    19 00000004 18                              	DB	24
    20 00000005 24                              	DB	36
    21 00000006 24                              	DB	36
    22 00000007 24                              	DB	36
    23 00000008 24                              	DB	36
    24 00000009 7E                              	DB	126
    25 0000000A 42                              	DB	66
    26 0000000B 42                              	DB	66
    27 0000000C 42                              	DB	66
    28 0000000D E7                              	DB	-25
    29 0000000E 00                              	DB	0
    30 0000000F 00                              	DB	0
    31                                          [SECTION .text]
    32 00000000                                 	GLOBAL	_HariMain
    33 00000000                                 _HariMain:
    34 00000000 55                              	PUSH	EBP
    35 00000001 89 E5                           	MOV	EBP,ESP
    36 00000003 E8 000000C9                     	CALL	_init_palette
    37 00000008 0F BF 05 00000FF6               	MOVSX	EAX,WORD [4086]
    38 0000000F 50                              	PUSH	EAX
    39 00000010 0F BF 05 00000FF4               	MOVSX	EAX,WORD [4084]
    40 00000017 50                              	PUSH	EAX
    41 00000018 FF 35 00000FF8                  	PUSH	DWORD [4088]
    42 0000001E E8 0000019A                     	CALL	_init_screen
    43 00000023 68 [00000000]                   	PUSH	_font_A
    44 00000028 6A 07                           	PUSH	7
    45 0000002A 6A 0A                           	PUSH	10
    46 0000002C 6A 0A                           	PUSH	10
    47 0000002E 0F BF 05 00000FF4               	MOVSX	EAX,WORD [4084]
    48 00000035 50                              	PUSH	EAX
    49 00000036 FF 35 00000FF8                  	PUSH	DWORD [4088]
    50 0000003C E8 0000000A                     	CALL	_putfont8
    51 00000041 83 C4 24                        	ADD	ESP,36
    52 00000044                                 L2:
    53 00000044 E8 [00000000]                   	CALL	_io_hlt
    54 00000049 EB F9                           	JMP	L2
    55 0000004B                                 	GLOBAL	_putfont8
    56 0000004B                                 _putfont8:
    57 0000004B 55                              	PUSH	EBP
    58 0000004C 89 E5                           	MOV	EBP,ESP
    59 0000004E 57                              	PUSH	EDI
    60 0000004F 56                              	PUSH	ESI
    61 00000050 31 F6                           	XOR	ESI,ESI
    62 00000052 53                              	PUSH	EBX
    63 00000053 8B 7D 1C                        	MOV	EDI,DWORD [28+EBP]
    64 00000056 8A 5D 18                        	MOV	BL,BYTE [24+EBP]
    65 00000059                                 L18:
    66 00000059 8B 45 14                        	MOV	EAX,DWORD [20+EBP]
    67 0000005C 8B 55 10                        	MOV	EDX,DWORD [16+EBP]
    68 0000005F 01 F0                           	ADD	EAX,ESI
    69 00000061 0F AF 45 0C                     	IMUL	EAX,DWORD [12+EBP]
    70 00000065 03 45 08                        	ADD	EAX,DWORD [8+EBP]
    71 00000068 8D 0C 02                        	LEA	ECX,DWORD [EDX+EAX*1]
    72 0000006B 8A 14 3E                        	MOV	DL,BYTE [ESI+EDI*1]
    73 0000006E 84 D2                           	TEST	DL,DL
    74 00000070 79 02                           	JNS	L10
    75 00000072 88 19                           	MOV	BYTE [ECX],BL
    76 00000074                                 L10:
    77 00000074 88 D0                           	MOV	AL,DL
    78 00000076 83 E0 40                        	AND	EAX,64
    79 00000079 84 C0                           	TEST	AL,AL
    80 0000007B 74 03                           	JE	L11
    81 0000007D 88 59 01                        	MOV	BYTE [1+ECX],BL
    82 00000080                                 L11:
    83 00000080 88 D0                           	MOV	AL,DL
    84 00000082 83 E0 20                        	AND	EAX,32
    85 00000085 84 C0                           	TEST	AL,AL
    86 00000087 74 03                           	JE	L12
    87 00000089 88 59 02                        	MOV	BYTE [2+ECX],BL
    88 0000008C                                 L12:
    89 0000008C 88 D0                           	MOV	AL,DL
    90 0000008E 83 E0 10                        	AND	EAX,16
    91 00000091 84 C0                           	TEST	AL,AL
    92 00000093 74 03                           	JE	L13
    93 00000095 88 59 03                        	MOV	BYTE [3+ECX],BL
    94 00000098                                 L13:
    95 00000098 88 D0                           	MOV	AL,DL
    96 0000009A 83 E0 08                        	AND	EAX,8
    97 0000009D 84 C0                           	TEST	AL,AL
    98 0000009F 74 03                           	JE	L14
    99 000000A1 88 59 04                        	MOV	BYTE [4+ECX],BL
   100 000000A4                                 L14:
   101 000000A4 88 D0                           	MOV	AL,DL
   102 000000A6 83 E0 04                        	AND	EAX,4
   103 000000A9 84 C0                           	TEST	AL,AL
   104 000000AB 74 03                           	JE	L15
   105 000000AD 88 59 05                        	MOV	BYTE [5+ECX],BL
   106 000000B0                                 L15:
   107 000000B0 88 D0                           	MOV	AL,DL
   108 000000B2 83 E0 02                        	AND	EAX,2
   109 000000B5 84 C0                           	TEST	AL,AL
   110 000000B7 74 03                           	JE	L16
   111 000000B9 88 59 06                        	MOV	BYTE [6+ECX],BL
   112 000000BC                                 L16:
   113 000000BC 83 E2 01                        	AND	EDX,1
   114 000000BF 84 D2                           	TEST	DL,DL
   115 000000C1 74 03                           	JE	L8
   116 000000C3 88 59 07                        	MOV	BYTE [7+ECX],BL
   117 000000C6                                 L8:
   118 000000C6 46                              	INC	ESI
   119 000000C7 83 FE 0F                        	CMP	ESI,15
   120 000000CA 7E 8D                           	JLE	L18
   121 000000CC 5B                              	POP	EBX
   122 000000CD 5E                              	POP	ESI
   123 000000CE 5F                              	POP	EDI
   124 000000CF 5D                              	POP	EBP
   125 000000D0 C3                              	RET
   126                                          [SECTION .data]
   127 00000010                                 _table_rgb.0:
   128 00000010 00                              	DB	0
   129 00000011 00                              	DB	0
   130 00000012 00                              	DB	0
   131 00000013 FF                              	DB	-1
   132 00000014 00                              	DB	0
   133 00000015 00                              	DB	0
   134 00000016 00                              	DB	0
   135 00000017 FF                              	DB	-1
   136 00000018 00                              	DB	0
   137 00000019 FF                              	DB	-1
   138 0000001A FF                              	DB	-1
   139 0000001B 00                              	DB	0
   140 0000001C 00                              	DB	0
   141 0000001D 00                              	DB	0
   142 0000001E FF                              	DB	-1
   143 0000001F FF                              	DB	-1
   144 00000020 00                              	DB	0
   145 00000021 FF                              	DB	-1
   146 00000022 00                              	DB	0
   147 00000023 FF                              	DB	-1
   148 00000024 FF                              	DB	-1
   149 00000025 FF                              	DB	-1
   150 00000026 FF                              	DB	-1
   151 00000027 FF                              	DB	-1
   152 00000028 C6                              	DB	-58
   153 00000029 C6                              	DB	-58
   154 0000002A C6                              	DB	-58
   155 0000002B 84                              	DB	-124
   156 0000002C 00                              	DB	0
   157 0000002D 00                              	DB	0
   158 0000002E 00                              	DB	0
   159 0000002F 84                              	DB	-124
   160 00000030 00                              	DB	0
   161 00000031 84                              	DB	-124
   162 00000032 84                              	DB	-124
   163 00000033 00                              	DB	0
   164 00000034 00                              	DB	0
   165 00000035 00                              	DB	0
   166 00000036 84                              	DB	-124
   167 00000037 84                              	DB	-124
   168 00000038 00                              	DB	0
   169 00000039 84                              	DB	-124
   170 0000003A 00                              	DB	0
   171 0000003B 84                              	DB	-124
   172 0000003C 84                              	DB	-124
   173 0000003D 84                              	DB	-124
   174 0000003E 84                              	DB	-124
   175 0000003F 84                              	DB	-124
   176                                          [SECTION .text]
   177 000000D1                                 	GLOBAL	_init_palette
   178 000000D1                                 _init_palette:
   179 000000D1 55                              	PUSH	EBP
   180 000000D2 89 E5                           	MOV	EBP,ESP
   181 000000D4 68 [00000010]                   	PUSH	_table_rgb.0
   182 000000D9 6A 0F                           	PUSH	15
   183 000000DB 6A 00                           	PUSH	0
   184 000000DD E8 00000002                     	CALL	_set_palette
   185 000000E2 C9                              	LEAVE
   186 000000E3 C3                              	RET
   187 000000E4                                 	GLOBAL	_set_palette
   188 000000E4                                 _set_palette:
   189 000000E4 55                              	PUSH	EBP
   190 000000E5 89 E5                           	MOV	EBP,ESP
   191 000000E7 57                              	PUSH	EDI
   192 000000E8 56                              	PUSH	ESI
   193 000000E9 53                              	PUSH	EBX
   194 000000EA 51                              	PUSH	ECX
   195 000000EB 8B 5D 08                        	MOV	EBX,DWORD [8+EBP]
   196 000000EE 8B 7D 0C                        	MOV	EDI,DWORD [12+EBP]
   197 000000F1 8B 75 10                        	MOV	ESI,DWORD [16+EBP]
   198 000000F4 E8 [00000000]                   	CALL	_io_load_eflags
   199 000000F9 89 45 F0                        	MOV	DWORD [-16+EBP],EAX
   200 000000FC E8 [00000000]                   	CALL	_io_cli
   201 00000101 53                              	PUSH	EBX
   202 00000102 68 000003C8                     	PUSH	968
   203 00000107 E8 [00000000]                   	CALL	_io_out8
   204 0000010C 39 FB                           	CMP	EBX,EDI
   205 0000010E 58                              	POP	EAX
   206 0000010F 5A                              	POP	EDX
   207 00000110 7E 12                           	JLE	L27
   208 00000112                                 L29:
   209 00000112 8B 45 F0                        	MOV	EAX,DWORD [-16+EBP]
   210 00000115 89 45 08                        	MOV	DWORD [8+EBP],EAX
   211 00000118 8D 65 F4                        	LEA	ESP,DWORD [-12+EBP]
   212 0000011B 5B                              	POP	EBX
   213 0000011C 5E                              	POP	ESI
   214 0000011D 5F                              	POP	EDI
   215 0000011E 5D                              	POP	EBP
   216 0000011F E9 [00000000]                   	JMP	_io_store_eflags
   217 00000124                                 L27:
   218 00000124 8A 06                           	MOV	AL,BYTE [ESI]
   219 00000126 43                              	INC	EBX
   220 00000127 C0 E8 02                        	SHR	AL,2
   221 0000012A 0F B6 C0                        	MOVZX	EAX,AL
   222 0000012D 50                              	PUSH	EAX
   223 0000012E 68 000003C9                     	PUSH	969
   224 00000133 E8 [00000000]                   	CALL	_io_out8
   225 00000138 8A 46 01                        	MOV	AL,BYTE [1+ESI]
   226 0000013B C0 E8 02                        	SHR	AL,2
   227 0000013E 0F B6 C0                        	MOVZX	EAX,AL
   228 00000141 50                              	PUSH	EAX
   229 00000142 68 000003C9                     	PUSH	969
   230 00000147 E8 [00000000]                   	CALL	_io_out8
   231 0000014C 8A 46 02                        	MOV	AL,BYTE [2+ESI]
   232 0000014F C0 E8 02                        	SHR	AL,2
   233 00000152 83 C6 03                        	ADD	ESI,3
   234 00000155 0F B6 C0                        	MOVZX	EAX,AL
   235 00000158 50                              	PUSH	EAX
   236 00000159 68 000003C9                     	PUSH	969
   237 0000015E E8 [00000000]                   	CALL	_io_out8
   238 00000163 83 C4 18                        	ADD	ESP,24
   239 00000166 39 FB                           	CMP	EBX,EDI
   240 00000168 7E BA                           	JLE	L27
   241 0000016A EB A6                           	JMP	L29
   242 0000016C                                 	GLOBAL	_boxfill8
   243 0000016C                                 _boxfill8:
   244 0000016C 55                              	PUSH	EBP
   245 0000016D 89 E5                           	MOV	EBP,ESP
   246 0000016F 57                              	PUSH	EDI
   247 00000170 56                              	PUSH	ESI
   248 00000171 53                              	PUSH	EBX
   249 00000172 57                              	PUSH	EDI
   250 00000173 57                              	PUSH	EDI
   251 00000174 8A 45 10                        	MOV	AL,BYTE [16+EBP]
   252 00000177 8B 4D 18                        	MOV	ECX,DWORD [24+EBP]
   253 0000017A 8B 7D 1C                        	MOV	EDI,DWORD [28+EBP]
   254 0000017D 88 45 F3                        	MOV	BYTE [-13+EBP],AL
   255 00000180 3B 4D 20                        	CMP	ECX,DWORD [32+EBP]
   256 00000183 7F 31                           	JG	L42
   257 00000185 8B 5D 0C                        	MOV	EBX,DWORD [12+EBP]
   258 00000188 0F AF D9                        	IMUL	EBX,ECX
   259 0000018B                                 L40:
   260 0000018B 8B 55 14                        	MOV	EDX,DWORD [20+EBP]
   261 0000018E 39 FA                           	CMP	EDX,EDI
   262 00000190 7F 1B                           	JG	L44
   263 00000192 8B 75 08                        	MOV	ESI,DWORD [8+EBP]
   264 00000195 01 DE                           	ADD	ESI,EBX
   265 00000197 01 D6                           	ADD	ESI,EDX
   266 00000199 89 75 EC                        	MOV	DWORD [-20+EBP],ESI
   267 0000019C                                 L39:
   268 0000019C 8B 75 EC                        	MOV	ESI,DWORD [-20+EBP]
   269 0000019F 8A 45 F3                        	MOV	AL,BYTE [-13+EBP]
   270 000001A2 42                              	INC	EDX
   271 000001A3 88 06                           	MOV	BYTE [ESI],AL
   272 000001A5 46                              	INC	ESI
   273 000001A6 89 75 EC                        	MOV	DWORD [-20+EBP],ESI
   274 000001A9 39 FA                           	CMP	EDX,EDI
   275 000001AB 7E EF                           	JLE	L39
   276 000001AD                                 L44:
   277 000001AD 41                              	INC	ECX
   278 000001AE 03 5D 0C                        	ADD	EBX,DWORD [12+EBP]
   279 000001B1 3B 4D 20                        	CMP	ECX,DWORD [32+EBP]
   280 000001B4 7E D5                           	JLE	L40
   281 000001B6                                 L42:
   282 000001B6 5B                              	POP	EBX
   283 000001B7 5E                              	POP	ESI
   284 000001B8 5B                              	POP	EBX
   285 000001B9 5E                              	POP	ESI
   286 000001BA 5F                              	POP	EDI
   287 000001BB 5D                              	POP	EBP
   288 000001BC C3                              	RET
   289 000001BD                                 	GLOBAL	_init_screen
   290 000001BD                                 _init_screen:
   291 000001BD 55                              	PUSH	EBP
   292 000001BE 89 E5                           	MOV	EBP,ESP
   293 000001C0 57                              	PUSH	EDI
   294 000001C1 56                              	PUSH	ESI
   295 000001C2 53                              	PUSH	EBX
   296 000001C3 83 EC 0C                        	SUB	ESP,12
   297 000001C6 8B 45 10                        	MOV	EAX,DWORD [16+EBP]
   298 000001C9 8B 7D 0C                        	MOV	EDI,DWORD [12+EBP]
   299 000001CC 83 E8 1D                        	SUB	EAX,29
   300 000001CF 4F                              	DEC	EDI
   301 000001D0 50                              	PUSH	EAX
   302 000001D1 57                              	PUSH	EDI
   303 000001D2 6A 00                           	PUSH	0
   304 000001D4 6A 00                           	PUSH	0
   305 000001D6 6A 0E                           	PUSH	14
   306 000001D8 FF 75 0C                        	PUSH	DWORD [12+EBP]
   307 000001DB FF 75 08                        	PUSH	DWORD [8+EBP]
   308 000001DE E8 FFFFFF89                     	CALL	_boxfill8
   309 000001E3 8B 45 10                        	MOV	EAX,DWORD [16+EBP]
   310 000001E6 83 E8 1C                        	SUB	EAX,28
   311 000001E9 50                              	PUSH	EAX
   312 000001EA 57                              	PUSH	EDI
   313 000001EB 50                              	PUSH	EAX
   314 000001EC 6A 00                           	PUSH	0
   315 000001EE 6A 08                           	PUSH	8
   316 000001F0 FF 75 0C                        	PUSH	DWORD [12+EBP]
   317 000001F3 FF 75 08                        	PUSH	DWORD [8+EBP]
   318 000001F6 E8 FFFFFF71                     	CALL	_boxfill8
   319 000001FB 8B 45 10                        	MOV	EAX,DWORD [16+EBP]
   320 000001FE 83 C4 38                        	ADD	ESP,56
   321 00000201 83 E8 1B                        	SUB	EAX,27
   322 00000204 50                              	PUSH	EAX
   323 00000205 57                              	PUSH	EDI
   324 00000206 50                              	PUSH	EAX
   325 00000207 6A 00                           	PUSH	0
   326 00000209 6A 07                           	PUSH	7
   327 0000020B FF 75 0C                        	PUSH	DWORD [12+EBP]
   328 0000020E FF 75 08                        	PUSH	DWORD [8+EBP]
   329 00000211 E8 FFFFFF56                     	CALL	_boxfill8
   330 00000216 8B 45 10                        	MOV	EAX,DWORD [16+EBP]
   331 00000219 48                              	DEC	EAX
   332 0000021A 50                              	PUSH	EAX
   333 0000021B 8B 45 10                        	MOV	EAX,DWORD [16+EBP]
   334 0000021E 57                              	PUSH	EDI
   335 0000021F 83 E8 1A                        	SUB	EAX,26
   336 00000222 50                              	PUSH	EAX
   337 00000223 6A 00                           	PUSH	0
   338 00000225 6A 08                           	PUSH	8
   339 00000227 FF 75 0C                        	PUSH	DWORD [12+EBP]
   340 0000022A FF 75 08                        	PUSH	DWORD [8+EBP]
   341 0000022D E8 FFFFFF3A                     	CALL	_boxfill8
   342 00000232 8B 75 10                        	MOV	ESI,DWORD [16+EBP]
   343 00000235 83 C4 38                        	ADD	ESP,56
   344 00000238 83 EE 18                        	SUB	ESI,24
   345 0000023B 56                              	PUSH	ESI
   346 0000023C 6A 3B                           	PUSH	59
   347 0000023E 56                              	PUSH	ESI
   348 0000023F 6A 03                           	PUSH	3
   349 00000241 6A 07                           	PUSH	7
   350 00000243 FF 75 0C                        	PUSH	DWORD [12+EBP]
   351 00000246 FF 75 08                        	PUSH	DWORD [8+EBP]
   352 00000249 E8 FFFFFF1E                     	CALL	_boxfill8
   353 0000024E 8B 45 10                        	MOV	EAX,DWORD [16+EBP]
   354 00000251 83 E8 04                        	SUB	EAX,4
   355 00000254 50                              	PUSH	EAX
   356 00000255 89 45 F0                        	MOV	DWORD [-16+EBP],EAX
   357 00000258 6A 02                           	PUSH	2
   358 0000025A 56                              	PUSH	ESI
   359 0000025B 6A 02                           	PUSH	2
   360 0000025D 6A 07                           	PUSH	7
   361 0000025F FF 75 0C                        	PUSH	DWORD [12+EBP]
   362 00000262 FF 75 08                        	PUSH	DWORD [8+EBP]
   363 00000265 E8 FFFFFF02                     	CALL	_boxfill8
   364 0000026A 83 C4 38                        	ADD	ESP,56
   365 0000026D FF 75 F0                        	PUSH	DWORD [-16+EBP]
   366 00000270 6A 3B                           	PUSH	59
   367 00000272 FF 75 F0                        	PUSH	DWORD [-16+EBP]
   368 00000275 6A 03                           	PUSH	3
   369 00000277 6A 0F                           	PUSH	15
   370 00000279 FF 75 0C                        	PUSH	DWORD [12+EBP]
   371 0000027C FF 75 08                        	PUSH	DWORD [8+EBP]
   372 0000027F E8 FFFFFEE8                     	CALL	_boxfill8
   373 00000284 8B 45 10                        	MOV	EAX,DWORD [16+EBP]
   374 00000287 83 E8 05                        	SUB	EAX,5
   375 0000028A 50                              	PUSH	EAX
   376 0000028B 8B 45 10                        	MOV	EAX,DWORD [16+EBP]
   377 0000028E 6A 3B                           	PUSH	59
   378 00000290 83 E8 17                        	SUB	EAX,23
   379 00000293 50                              	PUSH	EAX
   380 00000294 89 45 EC                        	MOV	DWORD [-20+EBP],EAX
   381 00000297 6A 3B                           	PUSH	59
   382 00000299 6A 0F                           	PUSH	15
   383 0000029B FF 75 0C                        	PUSH	DWORD [12+EBP]
   384 0000029E FF 75 08                        	PUSH	DWORD [8+EBP]
   385 000002A1 E8 FFFFFEC6                     	CALL	_boxfill8
   386 000002A6 8B 45 10                        	MOV	EAX,DWORD [16+EBP]
   387 000002A9 83 C4 38                        	ADD	ESP,56
   388 000002AC 83 E8 03                        	SUB	EAX,3
   389 000002AF 89 45 E8                        	MOV	DWORD [-24+EBP],EAX
   390 000002B2 50                              	PUSH	EAX
   391 000002B3 6A 3B                           	PUSH	59
   392 000002B5 50                              	PUSH	EAX
   393 000002B6 6A 02                           	PUSH	2
   394 000002B8 6A 00                           	PUSH	0
   395 000002BA FF 75 0C                        	PUSH	DWORD [12+EBP]
   396 000002BD FF 75 08                        	PUSH	DWORD [8+EBP]
   397 000002C0 E8 FFFFFEA7                     	CALL	_boxfill8
   398 000002C5 FF 75 E8                        	PUSH	DWORD [-24+EBP]
   399 000002C8 6A 3C                           	PUSH	60
   400 000002CA 56                              	PUSH	ESI
   401 000002CB 6A 3C                           	PUSH	60
   402 000002CD 6A 00                           	PUSH	0
   403 000002CF FF 75 0C                        	PUSH	DWORD [12+EBP]
   404 000002D2 FF 75 08                        	PUSH	DWORD [8+EBP]
   405 000002D5 E8 FFFFFE92                     	CALL	_boxfill8
   406 000002DA 8B 7D 0C                        	MOV	EDI,DWORD [12+EBP]
   407 000002DD 83 C4 38                        	ADD	ESP,56
   408 000002E0 8B 5D 0C                        	MOV	EBX,DWORD [12+EBP]
   409 000002E3 83 EB 04                        	SUB	EBX,4
   410 000002E6 83 EF 2F                        	SUB	EDI,47
   411 000002E9 56                              	PUSH	ESI
   412 000002EA 53                              	PUSH	EBX
   413 000002EB 56                              	PUSH	ESI
   414 000002EC 57                              	PUSH	EDI
   415 000002ED 6A 0F                           	PUSH	15
   416 000002EF FF 75 0C                        	PUSH	DWORD [12+EBP]
   417 000002F2 FF 75 08                        	PUSH	DWORD [8+EBP]
   418 000002F5 E8 FFFFFE72                     	CALL	_boxfill8
   419 000002FA FF 75 F0                        	PUSH	DWORD [-16+EBP]
   420 000002FD 57                              	PUSH	EDI
   421 000002FE FF 75 EC                        	PUSH	DWORD [-20+EBP]
   422 00000301 57                              	PUSH	EDI
   423 00000302 6A 0F                           	PUSH	15
   424 00000304 FF 75 0C                        	PUSH	DWORD [12+EBP]
   425 00000307 FF 75 08                        	PUSH	DWORD [8+EBP]
   426 0000030A E8 FFFFFE5D                     	CALL	_boxfill8
   427 0000030F 83 C4 38                        	ADD	ESP,56
   428 00000312 FF 75 E8                        	PUSH	DWORD [-24+EBP]
   429 00000315 53                              	PUSH	EBX
   430 00000316 FF 75 E8                        	PUSH	DWORD [-24+EBP]
   431 00000319 57                              	PUSH	EDI
   432 0000031A 6A 07                           	PUSH	7
   433 0000031C FF 75 0C                        	PUSH	DWORD [12+EBP]
   434 0000031F FF 75 08                        	PUSH	DWORD [8+EBP]
   435 00000322 E8 FFFFFE45                     	CALL	_boxfill8
   436 00000327 8B 45 0C                        	MOV	EAX,DWORD [12+EBP]
   437 0000032A FF 75 E8                        	PUSH	DWORD [-24+EBP]
   438 0000032D 83 E8 03                        	SUB	EAX,3
   439 00000330 50                              	PUSH	EAX
   440 00000331 56                              	PUSH	ESI
   441 00000332 50                              	PUSH	EAX
   442 00000333 6A 07                           	PUSH	7
   443 00000335 FF 75 0C                        	PUSH	DWORD [12+EBP]
   444 00000338 FF 75 08                        	PUSH	DWORD [8+EBP]
   445 0000033B E8 FFFFFE2C                     	CALL	_boxfill8
   446 00000340 8D 65 F4                        	LEA	ESP,DWORD [-12+EBP]
   447 00000343 5B                              	POP	EBX
   448 00000344 5E                              	POP	ESI
   449 00000345 5F                              	POP	EDI
   450 00000346 5D                              	POP	EBP
   451 00000347 C3                              	RET
